// Jest Snapshot v1, https://goo.gl/fbAQLP

exports[`Test point transformations convertGeojsonPointFeatureToPoint 1`] = `
Object {
  "_tag": "Some",
  "value": Object {
    "elevation": 3,
    "lat": 2,
    "lon": 1,
  },
}
`;

exports[`Test point transformations convertGeojsonPointFeatureToPoint 2`] = `
Object {
  "_tag": "None",
}
`;
